==29590== Helgrind, a thread error detector
==29590== Copyright (C) 2007-2017, and GNU GPL'd, by OpenWorks LLP et al.
==29590== Using Valgrind-3.21.0.GIT-lbmacos and LibVEX; rerun with -h for copyright info
==29590== Command: ./philo_bonus 5 800 200 200 1
==29590== Parent PID: 29355
==29590== 
==29599== ---Thread-Announcement------------------------------------------
==29599== 
==29599== Thread #1 is the program's root thread
==29599== 
==29599== ---Thread-Announcement------------------------------------------
==29599== 
==29599== Thread #2 was created
==29599==    at 0x1005CEDB6: __bsdthread_create (in /usr/lib/system/libsystem_kernel.dylib)
==29599==    by 0x100630DF3: _pthread_create (in /usr/lib/system/libsystem_pthread.dylib)
==29599==    by 0x100003790: set_philos (set_philos.c:115)
==29599==    by 0x100001EC4: run (main.c:38)
==29599==    by 0x1000023BE: main (main.c:142)
==29599== 
==29599== ----------------------------------------------------------------
==29599== 
==29599== Possible data race during read of size 4 at 0x1006352DC by thread #1
==29599== Locks held: none
==29599==    at 0x100401E40: nanosleep (in /usr/lib/system/libsystem_c.dylib)
==29599==    by 0x100401DE3: usleep (in /usr/lib/system/libsystem_c.dylib)
==29599==    by 0x100003480: action_fork (set_philos.c:48)
==29599==    by 0x100003524: action (set_philos.c:60)
==29599==    by 0x1000036AB: routain (set_philos.c:95)
==29599==    by 0x1000037BD: set_philos (set_philos.c:118)
==29599==    by 0x100001EC4: run (main.c:38)
==29599==    by 0x1000023BE: main (main.c:142)
==29599== 
==29599== This conflicts with a previous write of size 4 by thread #2
==29599== Locks held: none
==29599==    at 0x100401E45: nanosleep (in /usr/lib/system/libsystem_c.dylib)
==29599==    by 0x100401DE3: usleep (in /usr/lib/system/libsystem_c.dylib)
==29599==    by 0x100003997: watchdog (watchdog.c:37)
==29599==    by 0x100630108: _pthread_start (in /usr/lib/system/libsystem_pthread.dylib)
==29599==    by 0x10062BB8A: thread_start (in /usr/lib/system/libsystem_pthread.dylib)
==29599==  Address 0x1006352dc is in the Data segment of /usr/lib/system/libsystem_pthread.dylib
==29599== 
==29599== ----------------------------------------------------------------
==29599== 
==29599== Possible data race during write of size 4 at 0x1005FA668 by thread #1
==29599== Locks held: none
==29599==    at 0x1005CD22C: cerror (in /usr/lib/system/libsystem_kernel.dylib)
==29599==    by 0x100401EE9: nanosleep (in /usr/lib/system/libsystem_c.dylib)
==29599==    by 0x100401DE3: usleep (in /usr/lib/system/libsystem_c.dylib)
==29599==    by 0x100003480: action_fork (set_philos.c:48)
==29599==    by 0x100003524: action (set_philos.c:60)
==29599==    by 0x1000036AB: routain (set_philos.c:95)
==29599==    by 0x1000037BD: set_philos (set_philos.c:118)
==29599==    by 0x100001EC4: run (main.c:38)
==29599==    by 0x1000023BE: main (main.c:142)
==29599== 
==29599== This conflicts with a previous write of size 4 by thread #2
==29599== Locks held: none
==29599==    at 0x1005CD22C: cerror (in /usr/lib/system/libsystem_kernel.dylib)
==29599==    by 0x100401EE9: nanosleep (in /usr/lib/system/libsystem_c.dylib)
==29599==    by 0x100401DE3: usleep (in /usr/lib/system/libsystem_c.dylib)
==29599==    by 0x100003997: watchdog (watchdog.c:37)
==29599==    by 0x100630108: _pthread_start (in /usr/lib/system/libsystem_pthread.dylib)
==29599==    by 0x10062BB8A: thread_start (in /usr/lib/system/libsystem_pthread.dylib)
==29599==  Address 0x1005fa668 is in the Data segment of /usr/lib/system/libsystem_kernel.dylib
==29599== 
==29599== ----------------------------------------------------------------
==29599== 
==29599== Possible data race during write of size 4 at 0x1005FA668 by thread #2
==29599== Locks held: none
==29599==    at 0x1005CD22C: cerror (in /usr/lib/system/libsystem_kernel.dylib)
==29599==    by 0x100401EE9: nanosleep (in /usr/lib/system/libsystem_c.dylib)
==29599==    by 0x100401DE3: usleep (in /usr/lib/system/libsystem_c.dylib)
==29599==    by 0x100003997: watchdog (watchdog.c:37)
==29599==    by 0x100630108: _pthread_start (in /usr/lib/system/libsystem_pthread.dylib)
==29599==    by 0x10062BB8A: thread_start (in /usr/lib/system/libsystem_pthread.dylib)
==29599== 
==29599== This conflicts with a previous write of size 4 by thread #1
==29599== Locks held: none
==29599==    at 0x1005CD22C: cerror (in /usr/lib/system/libsystem_kernel.dylib)
==29599==    by 0x100401EE9: nanosleep (in /usr/lib/system/libsystem_c.dylib)
==29599==    by 0x100401DE3: usleep (in /usr/lib/system/libsystem_c.dylib)
==29599==    by 0x100003480: action_fork (set_philos.c:48)
==29599==    by 0x100003524: action (set_philos.c:60)
==29599==    by 0x1000036AB: routain (set_philos.c:95)
==29599==    by 0x1000037BD: set_philos (set_philos.c:118)
==29599==    by 0x100001EC4: run (main.c:38)
==29599==  Address 0x1005fa668 is in the Data segment of /usr/lib/system/libsystem_kernel.dylib
==29599== 
==29601== ---Thread-Announcement------------------------------------------
==29601== 
==29601== Thread #2 was created
==29601==    at 0x1005CEDB6: __bsdthread_create (in /usr/lib/system/libsystem_kernel.dylib)
==29601==    by 0x100630DF3: _pthread_create (in /usr/lib/system/libsystem_pthread.dylib)
==29601==    by 0x100003790: set_philos (set_philos.c:115)
==29601==    by 0x100001EC4: run (main.c:38)
==29601==    by 0x1000023BE: main (main.c:142)
==29601== 
==29601== ---Thread-Announcement------------------------------------------
==29601== 
==29601== Thread #1 is the program's root thread
==29601== 
==29601== ----------------------------------------------------------------
==29601== 
==29601== Possible data race during read of size 4 at 0x1006352DC by thread #2
==29601== Locks held: none
==29601==    at 0x100401E40: nanosleep (in /usr/lib/system/libsystem_c.dylib)
==29601==    by 0x100401DE3: usleep (in /usr/lib/system/libsystem_c.dylib)
==29601==    by 0x100003997: watchdog (watchdog.c:37)
==29601==    by 0x100630108: _pthread_start (in /usr/lib/system/libsystem_pthread.dylib)
==29601==    by 0x10062BB8A: thread_start (in /usr/lib/system/libsystem_pthread.dylib)
==29601== 
==29601== This conflicts with a previous write of size 4 by thread #1
==29601== Locks held: none
==29601==    at 0x100401E45: nanosleep (in /usr/lib/system/libsystem_c.dylib)
==29601==    by 0x100401DE3: usleep (in /usr/lib/system/libsystem_c.dylib)
==29601==    by 0x100003480: action_fork (set_philos.c:48)
==29601==    by 0x100003524: action (set_philos.c:60)
==29601==    by 0x1000036AB: routain (set_philos.c:95)
==29601==    by 0x1000037BD: set_philos (set_philos.c:118)
==29601==    by 0x100001EC4: run (main.c:38)
==29601==    by 0x1000023BE: main (main.c:142)
==29601==  Address 0x1006352dc is in the Data segment of /usr/lib/system/libsystem_pthread.dylib
==29601== 
==29601== ----------------------------------------------------------------
==29601== 
==29601== Possible data race during write of size 4 at 0x1005FA668 by thread #1
==29601== Locks held: none
==29601==    at 0x1005CD22C: cerror (in /usr/lib/system/libsystem_kernel.dylib)
==29601==    by 0x100401EE9: nanosleep (in /usr/lib/system/libsystem_c.dylib)
==29601==    by 0x100401DE3: usleep (in /usr/lib/system/libsystem_c.dylib)
==29601==    by 0x100003480: action_fork (set_philos.c:48)
==29601==    by 0x100003524: action (set_philos.c:60)
==29601==    by 0x1000036AB: routain (set_philos.c:95)
==29601==    by 0x1000037BD: set_philos (set_philos.c:118)
==29601==    by 0x100001EC4: run (main.c:38)
==29601==    by 0x1000023BE: main (main.c:142)
==29601== 
==29601== This conflicts with a previous write of size 4 by thread #2
==29601== Locks held: none
==29601==    at 0x1005CD22C: cerror (in /usr/lib/system/libsystem_kernel.dylib)
==29601==    by 0x100401EE9: nanosleep (in /usr/lib/system/libsystem_c.dylib)
==29601==    by 0x100401DE3: usleep (in /usr/lib/system/libsystem_c.dylib)
==29601==    by 0x100003997: watchdog (watchdog.c:37)
==29601==    by 0x100630108: _pthread_start (in /usr/lib/system/libsystem_pthread.dylib)
==29601==    by 0x10062BB8A: thread_start (in /usr/lib/system/libsystem_pthread.dylib)
==29601==  Address 0x1005fa668 is in the Data segment of /usr/lib/system/libsystem_kernel.dylib
==29601== 
==29601== ----------------------------------------------------------------
==29601== 
==29601== Possible data race during write of size 4 at 0x1005FA668 by thread #2
==29601== Locks held: none
==29601==    at 0x1005CD22C: cerror (in /usr/lib/system/libsystem_kernel.dylib)
==29601==    by 0x100401EE9: nanosleep (in /usr/lib/system/libsystem_c.dylib)
==29601==    by 0x100401DE3: usleep (in /usr/lib/system/libsystem_c.dylib)
==29601==    by 0x100003997: watchdog (watchdog.c:37)
==29601==    by 0x100630108: _pthread_start (in /usr/lib/system/libsystem_pthread.dylib)
==29601==    by 0x10062BB8A: thread_start (in /usr/lib/system/libsystem_pthread.dylib)
==29601== 
==29601== This conflicts with a previous write of size 4 by thread #1
==29601== Locks held: none
==29601==    at 0x1005CD22C: cerror (in /usr/lib/system/libsystem_kernel.dylib)
==29601==    by 0x100401EE9: nanosleep (in /usr/lib/system/libsystem_c.dylib)
==29601==    by 0x100401DE3: usleep (in /usr/lib/system/libsystem_c.dylib)
==29601==    by 0x100003480: action_fork (set_philos.c:48)
==29601==    by 0x100003524: action (set_philos.c:60)
==29601==    by 0x1000036AB: routain (set_philos.c:95)
==29601==    by 0x1000037BD: set_philos (set_philos.c:118)
==29601==    by 0x100001EC4: run (main.c:38)
==29601==  Address 0x1005fa668 is in the Data segment of /usr/lib/system/libsystem_kernel.dylib
==29601== 
